// Jest Snapshot v1, https://goo.gl/fbAQLP

exports[`Table Component renders Table component 1`] = `
<main>
  <div>
    <span>
       
      Test Table
       
    </span>
    <table
      className="table  table-sm"
    >
      <thead
        className="table-info"
      >
        <tr>
          <th />
          <th>
            Name
          </th>
          <th>
            Registration Date
          </th>
          <th>
            E-mail address
          </th>
          <th>
            Premium Plan
          </th>
        </tr>
      </thead>
      <tbody>
        <tr>
          <td>
            <label
              className="custom-control custom-checkbox"
            >
              <input
                className="custom-control-input"
                type="checkbox"
              />
              <span
                className="custom-control-indicator"
              />
            </label>
          </td>
          <td>
            Desmondjhjhhj
          </td>
          <td>
            Nov 4 1998
          </td>
          <td>
            desmondkjjkjh@pilotx.tv
          </td>
          <td>
            opoCustom
          </td>
        </tr>
        <tr>
          <td>
            <label
              className="custom-control custom-checkbox"
            >
              <input
                className="custom-control-input"
                type="checkbox"
              />
              <span
                className="custom-control-indicator"
              />
            </label>
          </td>
          <td>
            Desmond2,klk
          </td>
          <td>
            Nov 4 1955
          </td>
          <td>
            desmond2l;;l@pilotx.tv
          </td>
          <td>
            kjpaid
          </td>
        </tr>
        <tr>
          <td>
            <label
              className="custom-control custom-checkbox"
            >
              <input
                className="custom-control-input"
                type="checkbox"
              />
              <span
                className="custom-control-indicator"
              />
            </label>
          </td>
          <td>
            Desmondjhjhhj
          </td>
          <td>
            Nov 4 1998
          </td>
          <td>
            desmondkjjkjh@pilotx.tv
          </td>
          <td>
            opoCustom
          </td>
        </tr>
        <tr>
          <td>
            <label
              className="custom-control custom-checkbox"
            >
              <input
                className="custom-control-input"
                type="checkbox"
              />
              <span
                className="custom-control-indicator"
              />
            </label>
          </td>
          <td>
            Desmond2,klk
          </td>
          <td>
            Nov 4 1955
          </td>
          <td>
            desmond2l;;l@pilotx.tv
          </td>
          <td>
            kjpaid
          </td>
        </tr>
      </tbody>
    </table>
  </div>
</main>
`;
